# Identifier map for tools/MapRenamer.java (Vineflower -urc). Keys are the
# ORIGINAL names: "cls.name:jvmDescriptor=newName". See tools/decompile_renamed.py.
class:j=Actor
class:h=ActorSystem

# ---- Actor (j) fields ----
j.a:[B=sortCell
j.b:[B=cell
j.c:[B=footBCell
j.d:[B=footCCell
j.a:B=spriteWidth
j.b:B=spriteHalfWidth
j.c:B=slot
j.d:B=facing
j.e:B=animState
j.f:B=classId
j.g:B=statusIcon
j.h:B=buffFxSlot
j.i:B=weaponPower
j.j:B=weapon
j.k:B=deathScript
j.l:B=enterScript
j.m:B=leaveScript
j.n:B=zoneId
j.o:B=level
j.p:B=collides
j.q:B=dead
j.r:B=team
j.s:B=dropsLoot
j.t:B=ranged
j.u:B=invulnerable
j.v:B=attackIcon
j.w:B=effectIcon
j.x:B=dotDamage
j.y:B=aiType
j.z:B=aiActive
j.A:B=vanished
j.a:S=idleTimer
j.b:S=animTimer
j.c:S=hpRegenTimer
j.d:S=hpRegenInterval
j.e:S=mpRegenTimer
j.f:S=mpRegenInterval
j.g:S=moveTimer
j.h:S=floatTextTimer
j.i:S=deathTimer
j.j:S=itemBuffElapsed
j.k:S=dotRemaining
j.l:S=dotTick
j.m:S=attackInterval
j.n:S=teleportTimer
j.o:S=maxHp
j.p:S=maxMp
j.q:S=hp
j.r:S=mp
j.s:S=strength
j.t:S=intelligence
j.u:S=willpower
j.v:S=agility
j.w:S=speed
j.x:S=endurance
j.y:S=personality
j.z:S=armor
j.A:S=dodgeChance
j.B:S=blockChance
j.C:S=defenseRating
j.D:S=attackRating
j.E:S=sightRange
j.F:S=attackRange
j.G:S=buffTimer
j.H:S=dodgeScale
j.I:S=bonusMaxHp
j.J:S=bonusMaxMp
j.K:S=buffAttack
j.L:S=buffArmor
j.M:S=buffDefense
j.N:S=buffAttack2
j.O:S=buffStrength
j.P:S=itemBuffDuration
j.Q:S=floatTextY
j.R:S=floatTextStartY
j.a:[I=classRow
j.b:[I=pos
j.c:[I=footB
j.d:[I=footC
j.e:[I=prevPos
j.f:[I=hpPotion
j.g:[I=mpPotion
j.h:[I=classList
j.i:[I=screenPos
j.j:[I=moveTarget
j.k:[I=inventory
j.l:[I=special
j.m:[I=altSpecial
j.n:[I=wornArmor
j.o:[I=spawnRow
j.a:I=killTimer
j.b:I=xp
j.c:I=floatTextColor
j.d:I=floatTextShadow
j.e:I=attackTimer
j.a:Lj;=target
j.b:Lj;=dotSource
j.c:Lj;=summon
j.d:Lj;=owner
j.a:Ljava/lang/String;=floatText
j.b:Ljava/lang/String;=cmlPath
j.c:Ljava/lang/String;=name
j.a:Ld;=sprite

# ---- ActorSystem (h) fields ----
h.a:B=unusedA
h.b:B=unusedB
h.a:S=defaultSightRange
h.b:S=defaultAttackRange
h.a:[B=animStateOffset
h.a:[S=xpForLevel
h.b:[S=xpReward
h.a:[I=tmpHalfW
h.b:[I=tmpFullW
h.c:[I=tmpHalfOffset
h.d:[I=tmpFullOffset
h.e:[I=tmpCellIdx

# ---- ActorSystem (h) methods ----
h.a:(Ljava/lang/String;B)Lj;=createFromCml
h.a:([BI)Lj;=fromRecord
h.a:(Lj;)V=revive
h.d:(Lj;)V=updateScreenPos
h.b:(Lj;)V=updateCells
h.a:(Lj;)Z=isBlocked
h.a:(Lj;B)Z=footBlocked
h.a:(Lj;IJ)V=moveDir
h.d:(Lj;II)V=moveBy
h.a:(Lj;II)V=setPosition
h.e:(Lj;)V=updateSortCell
h.c:(Lj;)V=undoMove
h.a:(Lj;[B[B)B=checkTriggerTiles
h.b:(Lj;II)V=setMoveTarget
h.a:(Lj;JZ)V=update
h.a:(Lj;Ljavax/microedition/lcdui/Graphics;[I)V=draw
h.a:(Lj;B)V=setAnimState
h.f:(Lj;)V=recalcDerivedStats
h.a:([I[I)I=distance
h.a:(Lj;)Lj;=findNearestEnemy
h.a:(Lj;Lj;)V=stepAwayFrom
h.b:(Lj;Lj;)V=faceTowards
h.b:(Lj;)Z=aiThink
h.a:(Lj;[I)V=initFromTemplate
h.a:(ILj;Lj;ZZ)Z=applyDamage
h.c:(Lj;)Z=teleportStep
h.a:(Lj;Lj;Z)Z=attack
h.c:(Lj;I)V=grantXp
h.g:(Lj;)V=applyLevelUpBonus
h.a:(Lj;[B)B=checkZoneTiles
h.c:(Lj;Z)V=useSpecialAttack
h.c:(Lj;II)V=setDeathScript
h.a:(Lj;I)V=clearDeathScript
h.a:(Lj;IILe;)V=setStat
h.a:(Lj;I[I)V=addItem
h.a:(Lj;I[IZ)V=addItemForced
h.h:(Lj;)V=reselectBestWeapon
h.b:(Lj;I[I)V=removeItem
h.a:(Lj;)I=spriteHeight
h.b:(Lj;)I=spriteWidth
h.a:(Lj;BZ)V=setClass
h.b:(Lj;B)V=setStatusIcon
h.a:(Lj;Ljava/io/ByteArrayOutputStream;)V=serialize
h.b:(Lj;[I)V=useConsumable
h.a:(Lj;Z)V=quaffPotion
h.a:(Lj;Ljava/lang/String;)Z=equipFromString
h.a:(Lj;Lj;II)V=applyPoison
h.a:(Lj;Lj;I)V=applyMagicHit
h.c:(Lj;[I)V=equipArmor
h.a:(Lj;I)Z=hasArmor
h.a:(Lj;IZ)Z=isWeaponEquipped
h.a:(Lj;[IZ)Z=isWeaponRowEquipped
h.b:(Lj;Z)V=setDropsLoot
h.b:(Lj;I)V=levelUpTo
h.a:(Lj;IJ)Z=handleAction
h.i:(Lj;)V=updateSpecialIcon
h.a:(Lj;I[I)Z=canUseItem

# ---- already-renamed classes (src/), so ActorSystem's output refers to them ----
class:d=SpriteFrame
class:g=SpriteRenderer
class:i=ProjectileManager
g.a:()V=clearImageCache
g.a:(Ljava/lang/String;)Ld;=load
g.a:(Ljavax/microedition/lcdui/Graphics;Ld;III)I=draw
g.a:(Ld;I)I=getWidth
g.b:(Ld;I)I=getHeight
g.a:(Ld;I)Z=advanceFrame
g.a:(Ld;II)Z=setFrame
g.a:(Ld;I)V=resetFrame
g.a:(Ljava/lang/String;)V=evict
i.a:()V=clearAll
i.a:(I)V=clear
i.a:(II)V=clearAt
i.a:(ILj;)I=spawn
i.a:(ILj;I)I=spawn
i.a:(IILj;)I=spawn
i.a:(IILj;I)I=spawnFromActor
i.a:(III)I=spawn
i.a:(IIII)I=spawnFixed
i.a:(I)Z=onExpire
i.a:(J)V=tick
i.a:(Ljavax/microedition/lcdui/Graphics;[I)V=draw

# ---- Game (b) / ScriptInterpreter (e) members used by Actor/ActorSystem ----
# (other members stay obfuscated until their own rename passes)
b.a:Ljava/util/Random;=random
b.f:B=gridWidth
b.g:B=gridHeight
b.a:[B=collision
b.c:[B=zoneLayer
b.a:[Lj;=actors
b.a:Lb;=instance
b.a:Le;=script
b.a:Ljava/util/Vector;=layers
b.b:I=gold
b.a:Lj;=player
b.a:(I)V=removeActor
b.a:(I)Ljava/lang/String;=getString
b.a:(Ljava/lang/String;III)V=showMessage
b.b:([I[I)V=isoToWorld
b.a:(Ljava/lang/String;II[I)Lj;=spawnActor
b.a:(IZII)V=spawnItem
e.h:[[I=classBase
e.j:[[I=classLists
e.k:[[I=specials
e.a:(II)[I=getRow
e.b:(II)[I=getRowChecked
e.a:(I)Ljava/lang/String;=getItemName
e.a:(Ljava/lang/String;)[I=findByName
e.a:()I=rollLoot
e.a:(II)Z=classAllows
e.a:(I)V=runScript

# ---- DialogueNode (c) ----
class:c=DialogueNode
c.a:Lc;=parent
c.a:Z=marked
c.b:Z=available
c.a:Ljava/lang/String;=text
c.a:Ljava/util/Vector;=children
c.a:[Ljava/lang/String;=answerLines
c.b:Ljava/lang/String;=tooltip

# ---- DialogueScreen (f) ----
class:f=DialogueScreen
f.b:B=lineHeight
f.a:Ld;=ui
f.a:Ljava/lang/String;=caption
f.a:[Lc;=roots
f.a:Lb;=game
f.a:Ljavax/microedition/lcdui/Image;=backdrop
f.a:[B=tabSprites
f.c:B=cursor
f.d:B=lastVisible
f.e:B=firstVisible
f.f:B=tab
f.g:B=textScroll
f.h:B=scrollDir
f.i:B=scrollState
f.j:B=scrollPause
f.a:B=open
f.a:S=scrollY
f.b:S=scrollTimer
f.a:Z=showPauseOverlay
f.a:(Ljavax/microedition/lcdui/Graphics;)V=paint
f.a:(C)V=handleKey
f.a:(Lc;Lc;)Z=sameBuySellGroup
f.a:([B[Lc;Ljava/lang/String;Ljavax/microedition/lcdui/Image;Ljavax/microedition/lcdui/Graphics;)V=openTabs
f.b:(Ljavax/microedition/lcdui/Graphics;)V=drawFrame
f.a:()Z=goBack
f.a:(J)V=tick
f.a:(I)V=setScrollState

# ---- Game (b) members used by DialogueScreen ----
b.a:S=screenWidth
b.b:S=screenHeight
b.a:Ljavax/microedition/lcdui/Font;=fontSmall
b.b:Ljavax/microedition/lcdui/Font;=fontMedium
b.c:Ljavax/microedition/lcdui/Font;=fontSmallBold
b.d:Ljavax/microedition/lcdui/Font;=fontLargeBold
b.a:Lf;=dialogue
b.a:(Lc;)V=menuSelected

# ---- ScriptInterpreter (e) ----
class:e=ScriptInterpreter
e.a:[[B=archetypeGrowth
e.a:[I=pcStack
e.b:[I=scriptStack
e.c:[I=keyHooks
e.d:[I=scriptOffsets
e.e:[I=waitActors
e.f:[I=pairTable
e.g:[I=spawnIds
e.h:[I=walkTarget
e.a:[[I=monsterTypes
e.b:[[I=monsterTypesBackup
e.c:[[I=weapons
e.d:[[I=armors
e.e:[[I=consumables
e.f:[[I=spawnGroups
e.g:[[I=table6
e.i:[[I=classItemTypes
e.l:[[I=lootTable
e.a:I=depth
e.b:I=waitElapsed
e.c:I=waitDuration
e.d:I=stringCount
e.e:I=spawnIdCount
e.a:Lb;=game
e.a:[Ljava/lang/String;=strings
e.a:[B=code
e.a:Le;=instance
e.a:B=walkAxis
e.b:B=walkActor
e.c:B=walkPhase
e.d:B=talkActor
e.a:Z=waitingForKey
e.b:Z=firstLoad
e.a:()V=reset
e.a:(Ljava/lang/String;)V=load
e.a:(I)I=parseMonsterRecord
e.b:(I)I=parseArmorRecord
e.c:(I)I=parseConsumableRecord
e.d:(I)I=parseWeaponRecord
e.e:(I)I=parseClassRecord
e.f:(I)I=parseTable6Record
e.g:(I)I=parsePairList
e.h:(I)I=parseSpecialRecord
e.i:(I)I=parseSpawnGroupRecord
e.j:(I)I=parseLootRecord
e.b:()I=readByte
e.c:()I=readInt24
e.d:()I=readShort
e.c:(I)Ljava/lang/String;=readString
e.b:(J)V=step
e.b:()V=returnFromScript
e.a:(J)V=tick
e.a:(Ljava/lang/String;)I=findString
e.b:(Ljava/lang/String;)I=itemCategory
e.b:(I)V=keyPressed
e.b:(I)Ljava/lang/String;=getSkillName

# ---- Game (b) members used by ScriptInterpreter ----
b.a:(Ljava/lang/String;)V=loadLevel
b.a:(Ljava/lang/String;)I=loadResource
b.a:(Ljava/lang/String;I)V=loadLangPack
b.b:(Ljava/lang/String;)I=stringToId
b.b:(Ljava/lang/String;)V=loadMap
b.a:(II)V=setScreenSize
b.c:(Ljava/lang/String;)V=loadTileSprites
b.d:(Ljava/lang/String;)V=loadHudSprites
b.b:(II)V=endLevel
b.a:(Z)V=setInputEnabled
b.a:(IIZ)V=setCollision
b.a:(IIII)V=setTile
b.c:(II)V=cameraTo
b.b:(I)V=cameraFollow
b.a:(IIIII)V=setTrigger
b.e:()V=openMenu
b.f:()V=openShopMenu
b.a:([I[III)V=generateDungeon
b.a:()V=clearLayers
b.f:(Ljava/lang/String;)V=showDialogue
b.i:()V=beginDialogue
b.g:(Ljava/lang/String;)V=setSpeakerName
b.e:(Ljava/lang/String;)V=showTextScreen
b.d:(II)V=setPoint
b.a:(B)V=setState
b.a:()Z=isBusyState
b.g:Z=dialogueOpen
b.a:Z=stateChangesEnabled
b.c:Z=playerCollides
b.c:I=backgroundColor
b.e:Z=hudVisible
b.f:Z=stateFlagF
b.a:I=keyState
b.m:B=state
b.b:[B=resourceBuffer
b.a:(Ljava/lang/String;Ljava/lang/String;BII[I)Lj;=spawnActorInSlot
